  Determining projects to restore...
  All projects are up-to-date for restore.
C:\Users\bartt\.gemini\antigravity\scratch\AstralExpanse\Components\ColonyMenu.razor(108,82): warning CS8604: Possible null reference argument for parameter 'planetId' in 'Task<bool> ColonyService.BuildRover(string planetId)'. [C:\Users\bartt\.gemini\antigravity\scratch\AstralExpanse\AstralExpanse.csproj]
C:\Users\bartt\.gemini\antigravity\scratch\AstralExpanse\Pages\Home.razor(162,38): error CS1061: 'BabylonService' does not contain a definition for 'ClearScene' and no accessible extension method 'ClearScene' accepting a first argument of type 'BabylonService' could be found (are you missing a using directive or an assembly reference?) [C:\Users\bartt\.gemini\antigravity\scratch\AstralExpanse\AstralExpanse.csproj]
C:\Users\bartt\.gemini\antigravity\scratch\AstralExpanse\Services\MissionService.cs(305,23): warning CS1998: This async method lacks 'await' operators and will run synchronously. Consider using the 'await' operator to await non-blocking API calls, or 'await Task.Run(...)' to do CPU-bound work on a background thread. [C:\Users\bartt\.gemini\antigravity\scratch\AstralExpanse\AstralExpanse.csproj]

Build FAILED.

C:\Users\bartt\.gemini\antigravity\scratch\AstralExpanse\Components\ColonyMenu.razor(108,82): warning CS8604: Possible null reference argument for parameter 'planetId' in 'Task<bool> ColonyService.BuildRover(string planetId)'. [C:\Users\bartt\.gemini\antigravity\scratch\AstralExpanse\AstralExpanse.csproj]
C:\Users\bartt\.gemini\antigravity\scratch\AstralExpanse\Services\MissionService.cs(305,23): warning CS1998: This async method lacks 'await' operators and will run synchronously. Consider using the 'await' operator to await non-blocking API calls, or 'await Task.Run(...)' to do CPU-bound work on a background thread. [C:\Users\bartt\.gemini\antigravity\scratch\AstralExpanse\AstralExpanse.csproj]
C:\Users\bartt\.gemini\antigravity\scratch\AstralExpanse\Pages\Home.razor(162,38): error CS1061: 'BabylonService' does not contain a definition for 'ClearScene' and no accessible extension method 'ClearScene' accepting a first argument of type 'BabylonService' could be found (are you missing a using directive or an assembly reference?) [C:\Users\bartt\.gemini\antigravity\scratch\AstralExpanse\AstralExpanse.csproj]
    2 Warning(s)
    1 Error(s)

Time Elapsed 00:00:01.19

Workload updates are available. Run `dotnet workload list` for more information.
